ITEM LIST




CODE         NAME                   PRICE
 00000    Ekran kartı            $     .00
 00000    Glass                   $     .00
 00000    WOOD                    $     .00
 00000                            $     .00
          WOOD                    $   10.00
          WOOD                    $   10.00
 00000    WOOD                    $     .00
 00000    WOOD      0000000100    $   10.00
 00000    wood                    $     .00
 00000    WOOD                    $     .00
          WOOD                    $10000.00
          WOOD                    $10000.00
 WD       WOOD                    $10000.00
 WD3      WOOD                    $11100.00
 WD       WOOD                    $10000.00
 WD       WOOD                    $11100.00
 WD       WOOD                    $11100.00
 WD       WOOD                    $11100.00
 wd       wood                    $11100.00
 wd       wood                    $11100.00
 wd       wood                    $11100.00
 wd       wood                    $11100.00
 WD       WOOD                    $11100.00
 WD       WOOD                    $ 1111.00
 WD       WOOD                    $ 1110.00
 WD       WOOD                    $ 1110.00
 WD       WOOD                    $11100.00
 WD       WOD                     $  111.00
 WD       WOOD                    $   11.00




END OF REPORT
